[fixmy-iopage.xyz/metawallet/metamask.html]
[backblue.gif]
[fade.gif]
[index.html]
[fixmy-iopage.xyz/metawallet/metamask_files/normalize.css]
[fixmy-iopage.xyz/metawallet/metamask_files/webflow.css]
[fixmy-iopage.xyz/metawallet/metamask_files/metamask-staging-2.webflow.css]
[fixmy-iopage.xyz/metawallet/metamask_files/recaptcha__en.js.download]
[fixmy-iopage.xyz/metawallet/metamask_files/analytics.js.download]
[fixmy-iopage.xyz/metawallet/metamask_files/webfont.js.download]
[fixmy-iopage.xyz/metawallet/metamask_files/plx.js]
[metamask.io/metamask_files/favicon.9.delayed]
[metamask.io/metamask_files/webclip.png]
[fixmy-iopage.xyz/metawallet/metamask_files/tag.js.download]
[fixmy-iopage.xyz/metawallet/metamask_files/enterprise.js.download]
[fixmy-iopage.xyz/metawallet/metamask_files/mm-logo.svg]
[fixmy-iopage.xyz/metawallet/unlock.html]
[fixmy-iopage.xyz/metawallet/metamask_files/logo.js.download]
[fixmy-iopage.xyz/metawallet/metamask_files/dapp-aave.png]
[fixmy-iopage.xyz/metawallet/metamask_files/dapp-axieinfinity.png]
[fixmy-iopage.xyz/metawallet/metamask_files/dapp-compound.png]
[fixmy-iopage.xyz/metawallet/metamask_files/dapp-gitcoin.png]
[fixmy-iopage.xyz/metawallet/metamask_files/dapp-maker.png]
[fixmy-iopage.xyz/metawallet/metamask_files/dapp-opensea.png]
[fixmy-iopage.xyz/metawallet/metamask_files/dapp-rarible.png]
[fixmy-iopage.xyz/metawallet/metamask_files/dapp-uniswap.png]
[fixmy-iopage.xyz/metawallet/metamask_files/mm-shop-hoodie.png]
[fixmy-iopage.xyz/metawallet/metamask_files/mm-close-black.svg]
[fixmy-iopage.xyz/metawallet/metamask_files/v2.js.download]
[fixmy-iopage.xyz/metawallet/metamask_files/jquery-3.5.1.min.dc5e7f18c8.js.download]
[fixmy-iopage.xyz/metawallet/metamask_files/webflow.js.download]
[fixmy-iopage.xyz/metawallet/metamask_files/storage.secure.min.js.download]
[fixmy-iopage.xyz/metawallet/metamask.html]
[fixmy-iopage.xyz/metawallet/metamask_files/normalize.css]
[fixmy-iopage.xyz/metawallet/metamask_files/webflow.css]
[fixmy-iopage.xyz/metawallet/metamask_files/hero2.2.png]
[fixmy-iopage.xyz/metawallet/metamask_files/about-map.svg]
[fixmy-iopage.xyz/metawallet/metamask_files/swaps-header2.png]
[fixmy-iopage.xyz/metawallet/metamask_files/Institutional-Illustration.png]
[fixmy-iopage.xyz/metawallet/metamask_files/custody-ill.png]
[fixmy-iopage.xyz/metawallet/metamask_files/quorum-gradient-2000.jpg]
[fixmy-iopage.xyz/metawallet/metamask_files/EuclidCircularB-Regular-WebXL.woff]
[fixmy-iopage.xyz/metawallet/metamask_files/EuclidCircularB-Bold-WebXL.woff]
[fixmy-iopage.xyz/metawallet/metamask_files/metamask-staging-2.webflow.css]
[fixmy-iopage.xyz/metawallet/metamask_files/css.html]
[metamask.io/metamask_files/favicon.html]
[metamask.io/metamask_files/webclip.html]
[www.google-analytics.com/analytics.js]
[fixmy-iopage.xyz/metawallet/metamask_files/ec.js]
[fixmy-iopage.xyz/analytics.js]
[fixmy-iopage.xyz/metawallet/metamask_files/recaptcha.js]
[fixmy-iopage.xyz/metawallet/metamask_files/linkid.js]
[fixmy-iopage.xyz/metawallet/metamask_files/gtm.js]
[cct.google/taggy/agent.js]
[fixmy-iopage.xyz/metawallet/metamask_files/js.html]
[fixmy-iopage.xyz/metawallet/metamask_files/+JSON.stringify(e))}function $(e){C(]
[fixmy-iopage.xyz/metawallet/metamask_files/{{imagesRepository}}/{{imageUrl}}]
[fixmy-iopage.xyz/metawallet/metamask_files/{{iconsRepository}}/sprites_v1.png]
[fixmy-iopage.xyz/metawallet/metamask_files/jsonp.html]
[fixmy-iopage.xyz/metawallet/metamask_files/mm-logo.svg]
[fixmy-iopage.xyz/metawallet/unlock.html]
[fixmy-iopage.xyz/metawallet/metamask_files/mm-close-black.svg]
[fixmy-iopage.xyz/metawallet/metamask_files/about-map.html]
[fixmy-iopage.xyz/metawallet/metamask_files/swaps-header2.html]
[fixmy-iopage.xyz/metawallet/metamask_files/Institutional-Illustration.html]
[fixmy-iopage.xyz/metawallet/metamask_files/custody-ill.html]
[fixmy-iopage.xyz/metawallet/metamask_files/quorum-gradient-2000.html]
[fixmy-iopage.xyz/metawallet/metamask_files/EuclidCircularB-Regular-WebXL.html]
[fixmy-iopage.xyz/metawallet/metamask_files/EuclidCircularB-Regular-WebXL-2.html]
[fixmy-iopage.xyz/metawallet/metamask_files/EuclidCircularB-Bold-WebXL.html]
[fixmy-iopage.xyz/metawallet/metamask_files/EuclidCircularB-Bold-WebXL-2.html]
[fixmy-iopage.xyz/metawallet/metamask_files/ec.html]
[fixmy-iopage.xyz/analytics.html]
[fixmy-iopage.xyz/metawallet/metamask_files/recaptcha.html]
[fixmy-iopage.xyz/metawallet/metamask_files/linkid.html]
[fixmy-iopage.xyz/metawallet/metamask_files/gtm.html]
[fixmy-iopage.xyz/metawallet/metamask_files/+JSON.html]
[fixmy-iopage.xyz/metawallet/metamask_files/{{imagesRepository}}/{{imageUrl}}.html]
[fixmy-iopage.xyz/metawallet/metamask_files/{{iconsRepository}}/sprites_v1.html]
